#
# There is insufficient memory for the Java Runtime Environment to continue.
# Native memory allocation (malloc) failed to allocate 855056 bytes for Chunk::new
# Possible reasons:
#   The system is out of physical RAM or swap space
#   The process is running with CompressedOops enabled, and the Java Heap may be blocking the growth of the native heap
# Possible solutions:
#   Reduce memory load on the system
#   Increase physical memory or swap space
#   Check if swap backing store is full
#   Decrease Java heap size (-Xmx/-Xms)
#   Decrease number of Java threads
#   Decrease Java thread stack sizes (-Xss)
#   Set larger code cache with -XX:ReservedCodeCacheSize=
#   JVM is running with Unscaled Compressed Oops mode in which the Java heap is
#     placed in the first 4GB address space. The Java Heap base address is the
#     maximum limit for the native heap growth. Please use -XX:HeapBaseMinAddress
#     to set the Java Heap base and to place the Java Heap above 4GB virtual address.
# This output file may be truncated or incomplete.
#
#  Out of Memory Error (arena.cpp:197), pid=11516, tid=12304
#
# JRE version: OpenJDK Runtime Environment Corretto-11.0.28.6.1 (11.0.28+6) (build 11.0.28+6-LTS)
# Java VM: OpenJDK 64-Bit Server VM Corretto-11.0.28.6.1 (11.0.28+6-LTS, mixed mode, tiered, compressed oops, g1 gc, windows-amd64)
# No core dump will be written. Minidumps are not enabled by default on client versions of Windows
#

---------------  S U M M A R Y ------------

Command Line: --add-opens=java.base/java.lang=ALL-UNNAMED --add-opens=java.base/java.lang.invoke=ALL-UNNAMED --add-opens=java.base/java.util=ALL-UNNAMED --add-opens=java.prefs/java.util.prefs=ALL-UNNAMED --add-exports=jdk.compiler/com.sun.tools.javac.api=ALL-UNNAMED --add-exports=jdk.compiler/com.sun.tools.javac.util=ALL-UNNAMED --add-opens=java.base/java.util=ALL-UNNAMED --add-opens=java.prefs/java.util.prefs=ALL-UNNAMED --add-opens=java.base/java.nio.charset=ALL-UNNAMED --add-opens=java.base/java.net=ALL-UNNAMED --add-opens=java.base/java.util.concurrent.atomic=ALL-UNNAMED --add-opens=java.xml/javax.xml.namespace=ALL-UNNAMED -Xmx2048m -Dfile.encoding=UTF-8 -Duser.country=US -Duser.language=en -Duser.variant -javaagent:C:\Users\gaurav\.gradle\wrapper\dists\gradle-8.13-bin\5xuhj0ry160q40clulazy9h7d\gradle-8.13\lib\agents\gradle-instrumentation-agent-8.13.jar org.gradle.launcher.daemon.bootstrap.GradleDaemon 8.13

Host: AMD Ryzen 5 5500U with Radeon Graphics         , 12 cores, 7G,  Windows 11 , 64 bit Build 22621 (10.0.22621.5415)
Time: Sat Oct 25 08:57:21 2025 India Standard Time elapsed time: 13.214217 seconds (0d 0h 0m 13s)

---------------  T H R E A D  ---------------

Current thread (0x00000244abe7c800):  JavaThread "C2 CompilerThread0" daemon [_thread_in_native, id=12304, stack(0x000000accba00000,0x000000accbb00000)]


Current CompileTask:
C2:  13214 4401       4       org.antlr.v4.runtime.BufferedTokenStream::LA (11 bytes)

Stack: [0x000000accba00000,0x000000accbb00000]
Native frames: (J=compiled Java code, j=interpreted, Vv=VM code, C=native code)
V  [jvm.dll+0x6464ca]
V  [jvm.dll+0x7dad19]
V  [jvm.dll+0x7dc419]
V  [jvm.dll+0x7dcb03]
V  [jvm.dll+0x269e15]
V  [jvm.dll+0xc21dc]
V  [jvm.dll+0xc278c]
V  [jvm.dll+0x2dc1d2]
V  [jvm.dll+0x55137b]
V  [jvm.dll+0x22a851]
V  [jvm.dll+0x2241e9]
V  [jvm.dll+0x220d64]
V  [jvm.dll+0x19ea61]
V  [jvm.dll+0x230d29]
V  [jvm.dll+0x22ee9f]
V  [jvm.dll+0x79bf41]
V  [jvm.dll+0x794c14]
V  [jvm.dll+0x645285]
C  [ucrtbase.dll+0x29333]
C  [KERNEL32.DLL+0x1259d]
C  [ntdll.dll+0x5af78]


---------------  P R O C E S S  ---------------

Threads class SMR info:
_java_thread_list=0x00000244b21ed3c0, length=32, elements={
0x000002448c8e3000, 0x00000244abe70800, 0x00000244abe5e000, 0x00000244abe75800,
0x00000244abe77800, 0x00000244abe79800, 0x00000244abe7c800, 0x00000244abe83000,
0x00000244abe84000, 0x00000244ac94a800, 0x00000244ae0b3000, 0x00000244ad9a4800,
0x00000244ad9a2800, 0x00000244aedda000, 0x00000244aeda5000, 0x00000244aed7f000,
0x00000244aee43000, 0x00000244aedd8000, 0x00000244aee2a800, 0x00000244aee56000,
0x00000244aee56800, 0x00000244aee57800, 0x00000244aee59000, 0x00000244aee58800,
0x00000244aee5a800, 0x00000244aee5a000, 0x00000244aee55000, 0x00000244aee5b800,
0x00000244b0dd0000, 0x00000244b0dd3000, 0x00000244b0dd5800, 0x00000244b0dd6800
}

Java Threads: ( => current thread )
  0x000002448c8e3000 JavaThread "main" [_thread_blocked, id=14300, stack(0x000000accae00000,0x000000accaf00000)]
  0x00000244abe70800 JavaThread "Reference Handler" daemon [_thread_blocked, id=19624, stack(0x000000accb500000,0x000000accb600000)]
  0x00000244abe5e000 JavaThread "Finalizer" daemon [_thread_blocked, id=7648, stack(0x000000accb600000,0x000000accb700000)]
  0x00000244abe75800 JavaThread "Signal Dispatcher" daemon [_thread_blocked, id=20512, stack(0x000000accb700000,0x000000accb800000)]
  0x00000244abe77800 JavaThread "Attach Listener" daemon [_thread_blocked, id=19552, stack(0x000000accb800000,0x000000accb900000)]
  0x00000244abe79800 JavaThread "Service Thread" daemon [_thread_blocked, id=11072, stack(0x000000accb900000,0x000000accba00000)]
=>0x00000244abe7c800 JavaThread "C2 CompilerThread0" daemon [_thread_in_native, id=12304, stack(0x000000accba00000,0x000000accbb00000)]
  0x00000244abe83000 JavaThread "C1 CompilerThread0" daemon [_thread_blocked, id=23216, stack(0x000000accbb00000,0x000000accbc00000)]
  0x00000244abe84000 JavaThread "Sweeper thread" daemon [_thread_blocked, id=15864, stack(0x000000accbc00000,0x000000accbd00000)]
  0x00000244ac94a800 JavaThread "Common-Cleaner" daemon [_thread_blocked, id=14724, stack(0x000000accbd00000,0x000000accbe00000)]
  0x00000244ae0b3000 JavaThread "Daemon health stats" [_thread_blocked, id=19760, stack(0x000000accc000000,0x000000accc100000)]
  0x00000244ad9a4800 JavaThread "Incoming local TCP Connector on port 59649" [_thread_in_native, id=5576, stack(0x000000accc300000,0x000000accc400000)]
  0x00000244ad9a2800 JavaThread "Daemon" [_thread_blocked, id=18220, stack(0x000000accc400000,0x000000accc500000)]
  0x00000244aedda000 JavaThread "Daemon periodic checks" [_thread_blocked, id=4424, stack(0x000000accc500000,0x000000accc600000)]
  0x00000244aeda5000 JavaThread "Handler for socket connection from /127.0.0.1:59649 to /127.0.0.1:59650" [_thread_in_native, id=196, stack(0x000000accc600000,0x000000accc700000)]
  0x00000244aed7f000 JavaThread "Cancel handler" [_thread_blocked, id=8044, stack(0x000000accc700000,0x000000accc800000)]
  0x00000244aee43000 JavaThread "Daemon worker" [_thread_in_native, id=20052, stack(0x000000accc800000,0x000000accc900000)]
  0x00000244aedd8000 JavaThread "Asynchronous log dispatcher for DefaultDaemonConnection: socket connection from /127.0.0.1:59649 to /127.0.0.1:59650" [_thread_blocked, id=22360, stack(0x000000accc900000,0x000000accca00000)]
  0x00000244aee2a800 JavaThread "Stdin handler" [_thread_blocked, id=6268, stack(0x000000accca00000,0x000000acccb00000)]
  0x00000244aee56000 JavaThread "Daemon client event forwarder" [_thread_blocked, id=17684, stack(0x000000acccb00000,0x000000acccc00000)]
  0x00000244aee56800 JavaThread "Cache worker for journal cache (C:\Users\gaurav\.gradle\caches\journal-1)" [_thread_blocked, id=23852, stack(0x000000accd400000,0x000000accd500000)]
  0x00000244aee57800 JavaThread "File lock request listener" [_thread_in_native, id=1924, stack(0x000000accd500000,0x000000accd600000)]
  0x00000244aee59000 JavaThread "Cache worker for file hash cache (C:\Users\gaurav\.gradle\caches\8.13\fileHashes)" [_thread_blocked, id=24008, stack(0x000000accd600000,0x000000accd700000)]
  0x00000244aee58800 JavaThread "Problems report writer" [_thread_blocked, id=6348, stack(0x000000accd800000,0x000000accd900000)]
  0x00000244aee5a800 JavaThread "Cache worker for file hash cache (D:\Gaurav\MindMingle\.gradle\8.13\fileHashes)" [_thread_blocked, id=19912, stack(0x000000accd900000,0x000000accda00000)]
  0x00000244aee5a000 JavaThread "Cache worker for Build Output Cleanup Cache (D:\Gaurav\MindMingle\.gradle\buildOutputCleanup)" [_thread_blocked, id=19744, stack(0x000000accd700000,0x000000accd800000)]
  0x00000244aee55000 JavaThread "File watcher server" daemon [_thread_in_native, id=5316, stack(0x000000accda00000,0x000000accdb00000)]
  0x00000244aee5b800 JavaThread "File watcher consumer" daemon [_thread_blocked, id=19060, stack(0x000000accdb00000,0x000000accdc00000)]
  0x00000244b0dd0000 JavaThread "Cache worker for checksums cache (D:\Gaurav\MindMingle\.gradle\8.13\checksums)" [_thread_blocked, id=13288, stack(0x000000accdc00000,0x000000accdd00000)]
  0x00000244b0dd3000 JavaThread "Cache worker for file content cache (C:\Users\gaurav\.gradle\caches\8.13\fileContent)" [_thread_blocked, id=14296, stack(0x000000accdd00000,0x000000accde00000)]
  0x00000244b0dd5800 JavaThread "Cache worker for cache directory md-supplier (C:\Users\gaurav\.gradle\caches\8.13\md-supplier)" [_thread_blocked, id=16348, stack(0x000000accde00000,0x000000accdf00000)]
  0x00000244b0dd6800 JavaThread "Cache worker for cache directory md-rule (C:\Users\gaurav\.gradle\caches\8.13\md-rule)" [_thread_blocked, id=1148, stack(0x000000accdf00000,0x000000acce000000)]

Other Threads:
  0x00000244abe5c800 VMThread "VM Thread" [stack: 0x000000accb400000,0x000000accb500000] [id=24824]
  0x00000244acb06000 WatcherThread [stack: 0x000000accbe00000,0x000000accbf00000] [id=7832]
  0x000002448c8fd000 GCTaskThread "GC Thread#0" [stack: 0x000000accaf00000,0x000000accb000000] [id=5304]
  0x00000244acc26000 GCTaskThread "GC Thread#1" [stack: 0x000000accbf00000,0x000000accc000000] [id=25000]
  0x00000244ae8b2800 GCTaskThread "GC Thread#2" [stack: 0x000000accc100000,0x000000accc200000] [id=12124]
  0x00000244adbd3800 GCTaskThread "GC Thread#3" [stack: 0x000000accc200000,0x000000accc300000] [id=25208]
  0x00000244aec87000 GCTaskThread "GC Thread#4" [stack: 0x000000acccc00000,0x000000acccd00000] [id=18212]
  0x00000244aedad800 GCTaskThread "GC Thread#5" [stack: 0x000000acccd00000,0x000000accce00000] [id=24660]
  0x00000244aedbd800 GCTaskThread "GC Thread#6" [stack: 0x000000accce00000,0x000000acccf00000] [id=5952]
  0x00000244aec53800 GCTaskThread "GC Thread#7" [stack: 0x000000acccf00000,0x000000accd000000] [id=9860]
  0x00000244aee46000 GCTaskThread "GC Thread#8" [stack: 0x000000accd000000,0x000000accd100000] [id=20224]
  0x00000244aec62800 GCTaskThread "GC Thread#9" [stack: 0x000000accd100000,0x000000accd200000] [id=6392]
  0x000002448c92e000 ConcurrentGCThread "G1 Main Marker" [stack: 0x000000accb000000,0x000000accb100000] [id=18756]
  0x000002448c92f800 ConcurrentGCThread "G1 Conc#0" [stack: 0x000000accb100000,0x000000accb200000] [id=23480]
  0x00000244aec72800 ConcurrentGCThread "G1 Conc#1" [stack: 0x000000accd200000,0x000000accd300000] [id=7248]
  0x00000244aec91000 ConcurrentGCThread "G1 Conc#2" [stack: 0x000000accd300000,0x000000accd400000] [id=18192]
  0x00000244abcad800 ConcurrentGCThread "G1 Refine#0" [stack: 0x000000accb200000,0x000000accb300000] [id=1800]
  0x00000244abcae000 ConcurrentGCThread "G1 Young RemSet Sampling" [stack: 0x000000accb300000,0x000000accb400000] [id=18944]

Threads with active compile tasks:
C2 CompilerThread0    13250 4401       4       org.antlr.v4.runtime.BufferedTokenStream::LA (11 bytes)

VM state:not at safepoint (normal execution)

VM Mutex/Monitor currently owned by a thread: None

Heap address: 0x0000000080000000, size: 2048 MB, Compressed Oops mode: 32-bit
Narrow klass base: 0x0000000000000000, Narrow klass shift: 3
Compressed class space size: 1073741824 Address: 0x0000000100000000

Heap:
 garbage-first heap   total 120832K, used 37632K [0x0000000080000000, 0x0000000100000000)
  region size 1024K, 10 young (10240K), 7 survivors (7168K)
 Metaspace       used 56958K, capacity 58504K, committed 58752K, reserved 1103872K
  class space    used 7356K, capacity 7977K, committed 8064K, reserved 1048576K
Heap Regions: E=young(eden), S=young(survivor), O=old, HS=humongous(starts), HC=humongous(continues), CS=collection set, F=free, A=archive, TAMS=top-at-mark-start (previous, next)
|   0|0x0000000080000000, 0x0000000080100000, 0x0000000080100000|100%| O|  |TAMS 0x0000000080100000, 0x0000000080000000| Untracked 
|   1|0x0000000080100000, 0x0000000080200000, 0x0000000080200000|100%|HS|  |TAMS 0x0000000080200000, 0x0000000080100000| Complete 
|   2|0x0000000080200000, 0x0000000080300000, 0x0000000080300000|100%|HC|  |TAMS 0x0000000080300000, 0x0000000080200000| Complete 
|   3|0x0000000080300000, 0x0000000080400000, 0x0000000080400000|100%|HC|  |TAMS 0x0000000080400000, 0x0000000080300000| Complete 
|   4|0x0000000080400000, 0x0000000080500000, 0x0000000080500000|100%|HS|  |TAMS 0x0000000080500000, 0x0000000080400000| Complete 
|   5|0x0000000080500000, 0x0000000080600000, 0x0000000080600000|100%| O|  |TAMS 0x0000000080600000, 0x0000000080500000| Untracked 
|   6|0x0000000080600000, 0x0000000080700000, 0x0000000080700000|100%| O|  |TAMS 0x0000000080700000, 0x0000000080600000| Untracked 
|   7|0x0000000080700000, 0x0000000080800000, 0x0000000080800000|100%| O|  |TAMS 0x0000000080800000, 0x0000000080700000| Untracked 
|   8|0x0000000080800000, 0x0000000080900000, 0x0000000080900000|100%| O|  |TAMS 0x0000000080900000, 0x0000000080800000| Untracked 
|   9|0x0000000080900000, 0x0000000080a00000, 0x0000000080a00000|100%| O|  |TAMS 0x0000000080a00000, 0x0000000080900000| Untracked 
|  10|0x0000000080a00000, 0x0000000080b00000, 0x0000000080b00000|100%| O|  |TAMS 0x0000000080b00000, 0x0000000080a00000| Untracked 
|  11|0x0000000080b00000, 0x0000000080c00000, 0x0000000080c00000|100%| O|  |TAMS 0x0000000080c00000, 0x0000000080b00000| Untracked 
|  12|0x0000000080c00000, 0x0000000080d00000, 0x0000000080d00000|100%| O|  |TAMS 0x0000000080d00000, 0x0000000080c00000| Untracked 
|  13|0x0000000080d00000, 0x0000000080e00000, 0x0000000080e00000|100%| O|  |TAMS 0x0000000080e00000, 0x0000000080d00000| Untracked 
|  14|0x0000000080e00000, 0x0000000080f00000, 0x0000000080f00000|100%| O|  |TAMS 0x0000000080f00000, 0x0000000080e00000| Untracked 
|  15|0x0000000080f00000, 0x0000000081000000, 0x0000000081000000|100%| O|  |TAMS 0x0000000081000000, 0x0000000080f00000| Untracked 
|  16|0x0000000081000000, 0x0000000081100000, 0x0000000081100000|100%| O|  |TAMS 0x0000000081100000, 0x0000000081000000| Untracked 
|  17|0x0000000081100000, 0x0000000081200000, 0x0000000081200000|100%| O|  |TAMS 0x0000000081200000, 0x0000000081100000| Untracked 
|  18|0x0000000081200000, 0x0000000081300000, 0x0000000081300000|100%| O|  |TAMS 0x0000000081300000, 0x0000000081200000| Untracked 
|  19|0x0000000081300000, 0x0000000081400000, 0x0000000081400000|100%| O|  |TAMS 0x0000000081400000, 0x0000000081300000| Untracked 
|  20|0x0000000081400000, 0x0000000081500000, 0x0000000081500000|100%| O|  |TAMS 0x0000000081463000, 0x0000000081400000| Untracked 
|  21|0x0000000081500000, 0x0000000081600000, 0x0000000081600000|100%| O|  |TAMS 0x0000000081500000, 0x0000000081500000| Untracked 
|  22|0x0000000081600000, 0x0000000081700000, 0x0000000081700000|100%| O|  |TAMS 0x0000000081600000, 0x0000000081600000| Untracked 
|  23|0x0000000081700000, 0x0000000081800000, 0x0000000081800000|100%| O|  |TAMS 0x0000000081700000, 0x0000000081700000| Untracked 
|  24|0x0000000081800000, 0x0000000081900000, 0x0000000081900000|100%| O|  |TAMS 0x0000000081800000, 0x0000000081800000| Untracked 
|  25|0x0000000081900000, 0x0000000081a00000, 0x0000000081a00000|100%| O|  |TAMS 0x0000000081900000, 0x0000000081900000| Untracked 
|  26|0x0000000081a00000, 0x0000000081b00000, 0x0000000081b00000|100%| O|  |TAMS 0x0000000081a00000, 0x0000000081a00000| Untracked 
|  27|0x0000000081b00000, 0x0000000081c00000, 0x0000000081c00000|100%| O|  |TAMS 0x0000000081b00000, 0x0000000081b00000| Untracked 
|  28|0x0000000081c00000, 0x0000000081c33000, 0x0000000081d00000| 19%| O|  |TAMS 0x0000000081c00000, 0x0000000081c00000| Untracked 
|  29|0x0000000081d00000, 0x0000000081d00000, 0x0000000081e00000|  0%| F|  |TAMS 0x0000000081d00000, 0x0000000081d00000| Untracked 
|  30|0x0000000081e00000, 0x0000000081e00000, 0x0000000081f00000|  0%| F|  |TAMS 0x0000000081e00000, 0x0000000081e00000| Untracked 
|  31|0x0000000081f00000, 0x0000000081f00000, 0x0000000082000000|  0%| F|  |TAMS 0x0000000081f00000, 0x0000000081f00000| Untracked 
|  32|0x0000000082000000, 0x0000000082000000, 0x0000000082100000|  0%| F|  |TAMS 0x0000000082000000, 0x0000000082000000| Untracked 
|  33|0x0000000082100000, 0x0000000082100000, 0x0000000082200000|  0%| F|  |TAMS 0x0000000082100000, 0x0000000082100000| Untracked 
|  34|0x0000000082200000, 0x0000000082200000, 0x0000000082300000|  0%| F|  |TAMS 0x0000000082200000, 0x0000000082200000| Untracked 
|  35|0x0000000082300000, 0x0000000082300000, 0x0000000082400000|  0%| F|  |TAMS 0x0000000082300000, 0x0000000082300000| Untracked 
|  36|0x0000000082400000, 0x0000000082400000, 0x0000000082500000|  0%| F|  |TAMS 0x0000000082400000, 0x0000000082400000| Untracked 
|  37|0x0000000082500000, 0x0000000082500000, 0x0000000082600000|  0%| F|  |TAMS 0x0000000082500000, 0x0000000082500000| Untracked 
|  38|0x0000000082600000, 0x0000000082600000, 0x0000000082700000|  0%| F|  |TAMS 0x0000000082600000, 0x0000000082600000| Untracked 
|  39|0x0000000082700000, 0x0000000082700000, 0x0000000082800000|  0%| F|  |TAMS 0x0000000082700000, 0x0000000082700000| Untracked 
|  40|0x0000000082800000, 0x0000000082800000, 0x0000000082900000|  0%| F|  |TAMS 0x0000000082800000, 0x0000000082800000| Untracked 
|  41|0x0000000082900000, 0x0000000082900000, 0x0000000082a00000|  0%| F|  |TAMS 0x0000000082900000, 0x0000000082900000| Untracked 
|  42|0x0000000082a00000, 0x0000000082a8d228, 0x0000000082b00000| 55%| S|CS|TAMS 0x0000000082a00000, 0x0000000082a00000| Complete 
|  43|0x0000000082b00000, 0x0000000082c00000, 0x0000000082c00000|100%| S|CS|TAMS 0x0000000082b00000, 0x0000000082b00000| Complete 
|  44|0x0000000082c00000, 0x0000000082d00000, 0x0000000082d00000|100%| S|CS|TAMS 0x0000000082c00000, 0x0000000082c00000| Complete 
|  45|0x0000000082d00000, 0x0000000082e00000, 0x0000000082e00000|100%| S|CS|TAMS 0x0000000082d00000, 0x0000000082d00000| Complete 
|  46|0x0000000082e00000, 0x0000000082f00000, 0x0000000082f00000|100%| S|CS|TAMS 0x0000000082e00000, 0x0000000082e00000| Complete 
|  47|0x0000000082f00000, 0x0000000083000000, 0x0000000083000000|100%| S|CS|TAMS 0x0000000082f00000, 0x0000000082f00000| Complete 
|  48|0x0000000083000000, 0x0000000083100000, 0x0000000083100000|100%| S|CS|TAMS 0x0000000083000000, 0x0000000083000000| Complete 
|  49|0x0000000083100000, 0x0000000083100000, 0x0000000083200000|  0%| F|  |TAMS 0x0000000083100000, 0x0000000083100000| Untracked 
|  50|0x0000000083200000, 0x0000000083200000, 0x0000000083300000|  0%| F|  |TAMS 0x0000000083200000, 0x0000000083200000| Untracked 
|  51|0x0000000083300000, 0x0000000083300000, 0x0000000083400000|  0%| F|  |TAMS 0x0000000083300000, 0x0000000083300000| Untracked 
|  52|0x0000000083400000, 0x0000000083400000, 0x0000000083500000|  0%| F|  |TAMS 0x0000000083400000, 0x0000000083400000| Untracked 
|  53|0x0000000083500000, 0x0000000083500000, 0x0000000083600000|  0%| F|  |TAMS 0x0000000083500000, 0x0000000083500000| Untracked 
|  54|0x0000000083600000, 0x0000000083600000, 0x0000000083700000|  0%| F|  |TAMS 0x0000000083600000, 0x0000000083600000| Untracked 
|  55|0x0000000083700000, 0x0000000083700000, 0x0000000083800000|  0%| F|  |TAMS 0x0000000083700000, 0x0000000083700000| Untracked 
|  56|0x0000000083800000, 0x0000000083800000, 0x0000000083900000|  0%| F|  |TAMS 0x0000000083800000, 0x0000000083800000| Untracked 
|  57|0x0000000083900000, 0x0000000083900000, 0x0000000083a00000|  0%| F|  |TAMS 0x0000000083900000, 0x0000000083900000| Untracked 
|  58|0x0000000083a00000, 0x0000000083a00000, 0x0000000083b00000|  0%| F|  |TAMS 0x0000000083a00000, 0x0000000083a00000| Untracked 
|  59|0x0000000083b00000, 0x0000000083b00000, 0x0000000083c00000|  0%| F|  |TAMS 0x0000000083b00000, 0x0000000083b00000| Untracked 
|  60|0x0000000083c00000, 0x0000000083c00000, 0x0000000083d00000|  0%| F|  |TAMS 0x0000000083c00000, 0x0000000083c00000| Untracked 
|  61|0x0000000083d00000, 0x0000000083d00000, 0x0000000083e00000|  0%| F|  |TAMS 0x0000000083d00000, 0x0000000083d00000| Untracked 
|  62|0x0000000083e00000, 0x0000000083e00000, 0x0000000083f00000|  0%| F|  |TAMS 0x0000000083e00000, 0x0000000083e00000| Untracked 
|  63|0x0000000083f00000, 0x0000000083f00000, 0x0000000084000000|  0%| F|  |TAMS 0x0000000083f00000, 0x0000000083f00000| Untracked 
|  64|0x0000000084000000, 0x0000000084000000, 0x0000000084100000|  0%| F|  |TAMS 0x0000000084000000, 0x0000000084000000| Untracked 
|  65|0x0000000084100000, 0x0000000084100000, 0x0000000084200000|  0%| F|  |TAMS 0x0000000084100000, 0x0000000084100000| Untracked 
|  66|0x0000000084200000, 0x0000000084200000, 0x0000000084300000|  0%| F|  |TAMS 0x0000000084200000, 0x0000000084200000| Untracked 
|  67|0x0000000084300000, 0x0000000084300000, 0x0000000084400000|  0%| F|  |TAMS 0x0000000084300000, 0x0000000084300000| Untracked 
|  68|0x0000000084400000, 0x0000000084400000, 0x0000000084500000|  0%| F|  |TAMS 0x0000000084400000, 0x0000000084400000| Untracked 
|  69|0x0000000084500000, 0x0000000084500000, 0x0000000084600000|  0%| F|  |TAMS 0x0000000084500000, 0x0000000084500000| Untracked 
|  70|0x0000000084600000, 0x0000000084600000, 0x0000000084700000|  0%| F|  |TAMS 0x0000000084600000, 0x0000000084600000| Untracked 
|  71|0x0000000084700000, 0x0000000084700000, 0x0000000084800000|  0%| F|  |TAMS 0x0000000084700000, 0x0000000084700000| Untracked 
|  72|0x0000000084800000, 0x0000000084800000, 0x0000000084900000|  0%| F|  |TAMS 0x0000000084800000, 0x0000000084800000| Untracked 
|  73|0x0000000084900000, 0x0000000084900000, 0x0000000084a00000|  0%| F|  |TAMS 0x0000000084900000, 0x0000000084900000| Untracked 
|  74|0x0000000084a00000, 0x0000000084a00000, 0x0000000084b00000|  0%| F|  |TAMS 0x0000000084a00000, 0x0000000084a00000| Untracked 
|  75|0x0000000084b00000, 0x0000000084b00000, 0x0000000084c00000|  0%| F|  |TAMS 0x0000000084b00000, 0x0000000084b00000| Untracked 
|  76|0x0000000084c00000, 0x0000000084c00000, 0x0000000084d00000|  0%| F|  |TAMS 0x0000000084c00000, 0x0000000084c00000| Untracked 
|  77|0x0000000084d00000, 0x0000000084d00000, 0x0000000084e00000|  0%| F|  |TAMS 0x0000000084d00000, 0x0000000084d00000| Untracked 
|  78|0x0000000084e00000, 0x0000000084e00000, 0x0000000084f00000|  0%| F|  |TAMS 0x0000000084e00000, 0x0000000084e00000| Untracked 
|  79|0x0000000084f00000, 0x0000000084f00000, 0x0000000085000000|  0%| F|  |TAMS 0x0000000084f00000, 0x0000000084f00000| Untracked 
|  80|0x0000000085000000, 0x0000000085000000, 0x0000000085100000|  0%| F|  |TAMS 0x0000000085000000, 0x0000000085000000| Untracked 
|  81|0x0000000085100000, 0x0000000085100000, 0x0000000085200000|  0%| F|  |TAMS 0x0000000085100000, 0x0000000085100000| Untracked 
|  82|0x0000000085200000, 0x0000000085200000, 0x0000000085300000|  0%| F|  |TAMS 0x0000000085200000, 0x0000000085200000| Untracked 
|  83|0x0000000085300000, 0x0000000085300000, 0x0000000085400000|  0%| F|  |TAMS 0x0000000085300000, 0x0000000085300000| Untracked 
|  84|0x0000000085400000, 0x0000000085400000, 0x0000000085500000|  0%| F|  |TAMS 0x0000000085400000, 0x0000000085400000| Untracked 
|  85|0x0000000085500000, 0x0000000085500000, 0x0000000085600000|  0%| F|  |TAMS 0x0000000085500000, 0x0000000085500000| Untracked 
|  86|0x0000000085600000, 0x0000000085600000, 0x0000000085700000|  0%| F|  |TAMS 0x0000000085600000, 0x0000000085600000| Untracked 
|  87|0x0000000085700000, 0x0000000085700000, 0x0000000085800000|  0%| F|  |TAMS 0x0000000085700000, 0x0000000085700000| Untracked 
|  88|0x0000000085800000, 0x0000000085800000, 0x0000000085900000|  0%| F|  |TAMS 0x0000000085800000, 0x0000000085800000| Untracked 
|  89|0x0000000085900000, 0x0000000085900000, 0x0000000085a00000|  0%| F|  |TAMS 0x0000000085900000, 0x0000000085900000| Untracked 
|  90|0x0000000085a00000, 0x0000000085a00000, 0x0000000085b00000|  0%| F|  |TAMS 0x0000000085a00000, 0x0000000085a00000| Untracked 
|  91|0x0000000085b00000, 0x0000000085b00000, 0x0000000085c00000|  0%| F|  |TAMS 0x0000000085b00000, 0x0000000085b00000| Untracked 
|  92|0x0000000085c00000, 0x0000000085c00000, 0x0000000085d00000|  0%| F|  |TAMS 0x0000000085c00000, 0x0000000085c00000| Untracked 
|  93|0x0000000085d00000, 0x0000000085d00000, 0x0000000085e00000|  0%| F|  |TAMS 0x0000000085d00000, 0x0000000085d00000| Untracked 
|  94|0x0000000085e00000, 0x0000000085e00000, 0x0000000085f00000|  0%| F|  |TAMS 0x0000000085e00000, 0x0000000085e00000| Untracked 
|  95|0x0000000085f00000, 0x0000000085f00000, 0x0000000086000000|  0%| F|  |TAMS 0x0000000085f00000, 0x0000000085f00000| Untracked 
|  96|0x0000000086000000, 0x0000000086000000, 0x0000000086100000|  0%| F|  |TAMS 0x0000000086000000, 0x0000000086000000| Untracked 
|  97|0x0000000086100000, 0x0000000086100000, 0x0000000086200000|  0%| F|  |TAMS 0x0000000086100000, 0x0000000086100000| Untracked 
|  98|0x0000000086200000, 0x0000000086200000, 0x0000000086300000|  0%| F|  |TAMS 0x0000000086200000, 0x0000000086200000| Untracked 
|  99|0x0000000086300000, 0x0000000086300000, 0x0000000086400000|  0%| F|  |TAMS 0x0000000086300000, 0x0000000086300000| Untracked 
| 100|0x0000000086400000, 0x0000000086400000, 0x0000000086500000|  0%| F|  |TAMS 0x0000000086400000, 0x0000000086400000| Untracked 
| 101|0x0000000086500000, 0x0000000086500000, 0x0000000086600000|  0%| F|  |TAMS 0x0000000086500000, 0x0000000086500000| Untracked 
| 102|0x0000000086600000, 0x0000000086600000, 0x0000000086700000|  0%| F|  |TAMS 0x0000000086600000, 0x0000000086600000| Untracked 
| 103|0x0000000086700000, 0x0000000086700000, 0x0000000086800000|  0%| F|  |TAMS 0x0000000086700000, 0x0000000086700000| Untracked 
| 104|0x0000000086800000, 0x0000000086800000, 0x0000000086900000|  0%| F|  |TAMS 0x0000000086800000, 0x0000000086800000| Untracked 
| 105|0x0000000086900000, 0x0000000086900000, 0x0000000086a00000|  0%| F|  |TAMS 0x0000000086900000, 0x0000000086900000| Untracked 
| 106|0x0000000086a00000, 0x0000000086a00000, 0x0000000086b00000|  0%| F|  |TAMS 0x0000000086a00000, 0x0000000086a00000| Untracked 
| 107|0x0000000086b00000, 0x0000000086b00000, 0x0000000086c00000|  0%| F|  |TAMS 0x0000000086b00000, 0x0000000086b00000| Untracked 
| 108|0x0000000086c00000, 0x0000000086c00000, 0x0000000086d00000|  0%| F|  |TAMS 0x0000000086c00000, 0x0000000086c00000| Untracked 
| 109|0x0000000086d00000, 0x0000000086d00000, 0x0000000086e00000|  0%| F|  |TAMS 0x0000000086d00000, 0x0000000086d00000| Untracked 
| 110|0x0000000086e00000, 0x0000000086e00000, 0x0000000086f00000|  0%| F|  |TAMS 0x0000000086e00000, 0x0000000086e00000| Untracked 
| 111|0x0000000086f00000, 0x0000000086f00000, 0x0000000087000000|  0%| F|  |TAMS 0x0000000086f00000, 0x0000000086f00000| Untracked 
| 112|0x0000000087000000, 0x0000000087000000, 0x0000000087100000|  0%| F|  |TAMS 0x0000000087000000, 0x0000000087000000| Untracked 
| 113|0x0000000087100000, 0x0000000087100000, 0x0000000087200000|  0%| F|  |TAMS 0x0000000087100000, 0x0000000087100000| Untracked 
| 114|0x0000000087200000, 0x0000000087200000, 0x0000000087300000|  0%| F|  |TAMS 0x0000000087200000, 0x0000000087200000| Untracked 
| 115|0x0000000087300000, 0x0000000087400000, 0x0000000087400000|100%| E|  |TAMS 0x0000000087300000, 0x0000000087300000| Complete 
| 116|0x0000000087400000, 0x0000000087500000, 0x0000000087500000|100%| E|CS|TAMS 0x0000000087400000, 0x0000000087400000| Complete 
| 117|0x0000000087500000, 0x0000000087600000, 0x0000000087600000|100%| E|CS|TAMS 0x0000000087500000, 0x0000000087500000| Complete 

Card table byte_map: [0x00000244a49f0000,0x00000244a4df0000] _byte_map_base: 0x00000244a45f0000

Marking Bits (Prev, Next): (CMBitMap*) 0x000002448c925308, (CMBitMap*) 0x000002448c925340
 Prev Bits: [0x00000244a51f0000, 0x00000244a71f0000)
 Next Bits: [0x00000244a71f0000, 0x00000244a91f0000)

Polling page: 0x000002448c0b0000

Metaspace:

Usage:
  Non-class:     49.34 MB capacity,    48.44 MB ( 98%) used,   745.84 KB (  1%) free+waste,   174.44 KB ( <1%) overhead. 
      Class:      7.79 MB capacity,     7.19 MB ( 92%) used,   533.34 KB (  7%) free+waste,    85.31 KB (  1%) overhead. 
       Both:     57.13 MB capacity,    55.63 MB ( 97%) used,     1.25 MB (  2%) free+waste,   259.75 KB ( <1%) overhead. 

Virtual space:
  Non-class space:       54.00 MB reserved,      49.50 MB ( 92%) committed 
      Class space:        1.00 GB reserved,       7.88 MB ( <1%) committed 
             Both:        1.05 GB reserved,      57.38 MB (  5%) committed 

Chunk freelists:
   Non-Class:  33.00 KB
       Class:  23.00 KB
        Both:  56.00 KB

MaxMetaspaceSize: 17179869184.00 GB
CompressedClassSpaceSize: 1.00 GB
Initial GC threshold: 20.80 MB
Current GC threshold: 58.75 MB
CDS: off

CodeHeap 'non-profiled nmethods': size=120000Kb used=2426Kb max_used=2426Kb free=117573Kb
 bounds [0x000002449cb70000, 0x000002449cde0000, 0x00000244a40a0000]
CodeHeap 'profiled nmethods': size=120000Kb used=9532Kb max_used=9532Kb free=110467Kb
 bounds [0x0000024495640000, 0x0000024495f90000, 0x000002449cb70000]
CodeHeap 'non-nmethods': size=5760Kb used=1644Kb max_used=1686Kb free=4115Kb
 bounds [0x00000244950a0000, 0x0000024495310000, 0x0000024495640000]
 total_blobs=5242 nmethods=4542 adapters=612
 compilation: enabled
              stopped_count=0, restarted_count=0
 full_count=0

Compilation events (20 events):
Event: 13.197 Thread 0x00000244abe83000 4615       3       java.util.TreeMap::getFirstEntry (26 bytes)
Event: 13.197 Thread 0x00000244abe83000 nmethod 4615 0x0000024495f87410 code [0x0000024495f875c0, 0x0000024495f877b8]
Event: 13.197 Thread 0x00000244abe83000 4621       3       org.gradle.internal.instantiation.generator.AbstractClassGenerator$ManagedPropertiesHandler::claimPropertyImplementation (141 bytes)
Event: 13.199 Thread 0x00000244abe83000 nmethod 4621 0x0000024495f87890 code [0x0000024495f87ba0, 0x0000024495f88e38]
Event: 13.199 Thread 0x00000244abe83000 4617       3       org.gradle.internal.instantiation.generator.AbstractClassGenerator$ExtensibleTypePropertyHandler::claimPropertyImplementation (99 bytes)
Event: 13.199 Thread 0x00000244abe83000 nmethod 4617 0x0000024495f89310 code [0x0000024495f89580, 0x0000024495f89e78]
Event: 13.199 Thread 0x00000244abe83000 4618       3       org.gradle.internal.instantiation.generator.AbstractClassGenerator$DslMixInPropertyType::claimPropertyImplementation (21 bytes)
Event: 13.199 Thread 0x00000244abe83000 nmethod 4618 0x0000024495f8a190 code [0x0000024495f8a360, 0x0000024495f8a528]
Event: 13.199 Thread 0x00000244abe83000 4619       3       org.gradle.internal.instantiation.generator.AbstractClassGenerator$ServicesPropertyHandler::claimPropertyImplementation (40 bytes)
Event: 13.201 Thread 0x00000244abe83000 nmethod 4619 0x0000024495f8a610 code [0x0000024495f8a860, 0x0000024495f8b098]
Event: 13.201 Thread 0x00000244abe83000 4620       3       org.gradle.internal.instantiation.generator.AbstractClassGenerator$NamePropertyHandler::claimPropertyImplementation (16 bytes)
Event: 13.201 Thread 0x00000244abe83000 nmethod 4620 0x0000024495f8b390 code [0x0000024495f8b560, 0x0000024495f8b7a8]
Event: 13.201 Thread 0x00000244abe83000 4623       1       com.google.common.collect.LinkedHashMultimap$ValueEntry::setPredecessorInValueSet (6 bytes)
Event: 13.201 Thread 0x00000244abe83000 nmethod 4623 0x000002449cdce290 code [0x000002449cdce440, 0x000002449cdce538]
Event: 13.201 Thread 0x00000244abe83000 4624       1       com.google.common.collect.LinkedHashMultimap$ValueSet::setPredecessorInValueSet (6 bytes)
Event: 13.201 Thread 0x00000244abe83000 nmethod 4624 0x000002449cdce590 code [0x000002449cdce740, 0x000002449cdce838]
Event: 13.201 Thread 0x00000244abe83000 4625       3       org.objectweb.asm.Type::getSize (86 bytes)
Event: 13.201 Thread 0x00000244abe83000 nmethod 4625 0x0000024495f8b890 code [0x0000024495f8ba60, 0x0000024495f8bdc8]
Event: 13.201 Thread 0x00000244abe83000 4616       3       java.util.TreeMap$PrivateEntryIterator::<init> (28 bytes)
Event: 13.201 Thread 0x00000244abe83000 nmethod 4616 0x0000024495f8be90 code [0x0000024495f8c040, 0x0000024495f8c298]

GC Heap History (20 events):
Event: 3.686 GC heap before
{Heap before GC invocations=2 (full 0):
 garbage-first heap   total 120832K, used 77213K [0x0000000080000000, 0x0000000100000000)
  region size 1024K, 70 young (71680K), 9 survivors (9216K)
 Metaspace       used 15877K, capacity 16129K, committed 16256K, reserved 1062912K
  class space    used 1758K, capacity 1869K, committed 1920K, reserved 1048576K
}
Event: 3.697 GC heap after
{Heap after GC invocations=3 (full 0):
 garbage-first heap   total 120832K, used 18219K [0x0000000080000000, 0x0000000100000000)
  region size 1024K, 6 young (6144K), 6 survivors (6144K)
 Metaspace       used 15877K, capacity 16129K, committed 16256K, reserved 1062912K
  class space    used 1758K, capacity 1869K, committed 1920K, reserved 1048576K
}
Event: 4.907 GC heap before
{Heap before GC invocations=3 (full 0):
 garbage-first heap   total 120832K, used 57131K [0x0000000080000000, 0x0000000100000000)
  region size 1024K, 45 young (46080K), 6 survivors (6144K)
 Metaspace       used 20829K, capacity 21181K, committed 21248K, reserved 1069056K
  class space    used 2383K, capacity 2531K, committed 2560K, reserved 1048576K
}
Event: 4.915 GC heap after
{Heap after GC invocations=4 (full 0):
 garbage-first heap   total 120832K, used 20144K [0x0000000080000000, 0x0000000100000000)
  region size 1024K, 3 young (3072K), 3 survivors (3072K)
 Metaspace       used 20829K, capacity 21181K, committed 21248K, reserved 1069056K
  class space    used 2383K, capacity 2531K, committed 2560K, reserved 1048576K
}
Event: 6.940 GC heap before
{Heap before GC invocations=5 (full 0):
 garbage-first heap   total 120832K, used 85680K [0x0000000080000000, 0x0000000100000000)
  region size 1024K, 67 young (68608K), 3 survivors (3072K)
 Metaspace       used 25326K, capacity 25961K, committed 26112K, reserved 1073152K
  class space    used 3078K, capacity 3326K, committed 3328K, reserved 1048576K
}
Event: 6.944 GC heap after
{Heap after GC invocations=6 (full 0):
 garbage-first heap   total 120832K, used 21090K [0x0000000080000000, 0x0000000100000000)
  region size 1024K, 3 young (3072K), 3 survivors (3072K)
 Metaspace       used 25326K, capacity 25961K, committed 26112K, reserved 1073152K
  class space    used 3078K, capacity 3326K, committed 3328K, reserved 1048576K
}
Event: 7.853 GC heap before
{Heap before GC invocations=6 (full 0):
 garbage-first heap   total 120832K, used 88674K [0x0000000080000000, 0x0000000100000000)
  region size 1024K, 70 young (71680K), 3 survivors (3072K)
 Metaspace       used 29295K, capacity 29878K, committed 30080K, reserved 1075200K
  class space    used 3617K, capacity 3864K, committed 3968K, reserved 1048576K
}
Event: 7.859 GC heap after
{Heap after GC invocations=7 (full 0):
 garbage-first heap   total 120832K, used 22924K [0x0000000080000000, 0x0000000100000000)
  region size 1024K, 5 young (5120K), 5 survivors (5120K)
 Metaspace       used 29295K, capacity 29878K, committed 30080K, reserved 1075200K
  class space    used 3617K, capacity 3864K, committed 3968K, reserved 1048576K
}
Event: 8.906 GC heap before
{Heap before GC invocations=7 (full 0):
 garbage-first heap   total 120832K, used 89484K [0x0000000080000000, 0x0000000100000000)
  region size 1024K, 70 young (71680K), 5 survivors (5120K)
 Metaspace       used 33633K, capacity 34353K, committed 34560K, reserved 1079296K
  class space    used 4283K, capacity 4594K, committed 4608K, reserved 1048576K
}
Event: 8.914 GC heap after
{Heap after GC invocations=8 (full 0):
 garbage-first heap   total 120832K, used 24879K [0x0000000080000000, 0x0000000100000000)
  region size 1024K, 6 young (6144K), 6 survivors (6144K)
 Metaspace       used 33633K, capacity 34353K, committed 34560K, reserved 1079296K
  class space    used 4283K, capacity 4594K, committed 4608K, reserved 1048576K
}
Event: 9.119 GC heap before
{Heap before GC invocations=8 (full 0):
 garbage-first heap   total 120832K, used 36143K [0x0000000080000000, 0x0000000100000000)
  region size 1024K, 18 young (18432K), 6 survivors (6144K)
 Metaspace       used 34958K, capacity 35756K, committed 35840K, reserved 1081344K
  class space    used 4455K, capacity 4807K, committed 4864K, reserved 1048576K
}
Event: 9.128 GC heap after
{Heap after GC invocations=9 (full 0):
 garbage-first heap   total 120832K, used 25152K [0x0000000080000000, 0x0000000100000000)
  region size 1024K, 5 young (5120K), 5 survivors (5120K)
 Metaspace       used 34958K, capacity 35756K, committed 35840K, reserved 1081344K
  class space    used 4455K, capacity 4807K, committed 4864K, reserved 1048576K
}
Event: 10.235 GC heap before
{Heap before GC invocations=10 (full 0):
 garbage-first heap   total 120832K, used 92736K [0x0000000080000000, 0x0000000100000000)
  region size 1024K, 70 young (71680K), 5 survivors (5120K)
 Metaspace       used 42182K, capacity 43208K, committed 43264K, reserved 1087488K
  class space    used 5202K, capacity 5591K, committed 5632K, reserved 1048576K
}
Event: 10.244 GC heap after
{Heap after GC invocations=11 (full 0):
 garbage-first heap   total 120832K, used 29540K [0x0000000080000000, 0x0000000100000000)
  region size 1024K, 9 young (9216K), 9 survivors (9216K)
 Metaspace       used 42182K, capacity 43208K, committed 43264K, reserved 1087488K
  class space    used 5202K, capacity 5591K, committed 5632K, reserved 1048576K
}
Event: 10.939 GC heap before
{Heap before GC invocations=11 (full 0):
 garbage-first heap   total 120832K, used 92004K [0x0000000080000000, 0x0000000100000000)
  region size 1024K, 70 young (71680K), 9 survivors (9216K)
 Metaspace       used 44402K, capacity 45546K, committed 45824K, reserved 1089536K
  class space    used 5559K, capacity 6033K, committed 6144K, reserved 1048576K
}
Event: 10.949 GC heap after
{Heap after GC invocations=12 (full 0):
 garbage-first heap   total 120832K, used 31061K [0x0000000080000000, 0x0000000100000000)
  region size 1024K, 7 young (7168K), 7 survivors (7168K)
 Metaspace       used 44402K, capacity 45546K, committed 45824K, reserved 1089536K
  class space    used 5559K, capacity 6033K, committed 6144K, reserved 1048576K
}
Event: 11.679 GC heap before
{Heap before GC invocations=12 (full 0):
 garbage-first heap   total 120832K, used 95573K [0x0000000080000000, 0x0000000100000000)
  region size 1024K, 70 young (71680K), 7 survivors (7168K)
 Metaspace       used 48547K, capacity 49879K, committed 50048K, reserved 1093632K
  class space    used 6189K, capacity 6741K, committed 6784K, reserved 1048576K
}
Event: 11.689 GC heap after
{Heap after GC invocations=13 (full 0):
 garbage-first heap   total 120832K, used 32714K [0x0000000080000000, 0x0000000100000000)
  region size 1024K, 4 young (4096K), 4 survivors (4096K)
 Metaspace       used 48547K, capacity 49879K, committed 50048K, reserved 1093632K
  class space    used 6189K, capacity 6741K, committed 6784K, reserved 1048576K
}
Event: 12.351 GC heap before
{Heap before GC invocations=13 (full 0):
 garbage-first heap   total 120832K, used 98250K [0x0000000080000000, 0x0000000100000000)
  region size 1024K, 68 young (69632K), 4 survivors (4096K)
 Metaspace       used 52666K, capacity 54121K, committed 54272K, reserved 1095680K
  class space    used 6764K, capacity 7370K, committed 7424K, reserved 1048576K
}
Event: 12.356 GC heap after
{Heap after GC invocations=14 (full 0):
 garbage-first heap   total 120832K, used 33692K [0x0000000080000000, 0x0000000100000000)
  region size 1024K, 5 young (5120K), 5 survivors (5120K)
 Metaspace       used 52666K, capacity 54121K, committed 54272K, reserved 1095680K
  class space    used 6764K, capacity 7370K, committed 7424K, reserved 1048576K
}

Deoptimization events (20 events):
Event: 12.831 Thread 0x00000244aee43000 Uncommon trap: trap_request=0xffffffde fr.pc=0x000002449cc9ea50 relative=0x0000000000000310
Event: 12.831 Thread 0x00000244aee43000 Uncommon trap: reason=class_check action=maybe_recompile pc=0x000002449cc9ea50 method=java.util.Collections$SetFromMap.remove(Ljava/lang/Object;)Z @ 5 c2
Event: 12.831 Thread 0x00000244aee43000 DEOPT PACKING pc=0x000002449cc9ea50 sp=0x000000accc8fa9a0
Event: 12.832 Thread 0x00000244aee43000 DEOPT UNPACKING pc=0x00000244950ea1af sp=0x000000accc8fa998 mode 2
Event: 12.832 Thread 0x00000244aee43000 Uncommon trap: trap_request=0xffffffc6 fr.pc=0x000002449cd06200 relative=0x0000000000000480
Event: 12.832 Thread 0x00000244aee43000 Uncommon trap: reason=bimorphic_or_optimized_type_check action=maybe_recompile pc=0x000002449cd06200 method=java.util.Spliterators$IteratorSpliterator.tryAdvance(Ljava/util/function/Consumer;)Z @ 50 c2
Event: 12.832 Thread 0x00000244aee43000 DEOPT PACKING pc=0x000002449cd06200 sp=0x000000accc8fb4c0
Event: 12.832 Thread 0x00000244aee43000 DEOPT UNPACKING pc=0x00000244950ea1af sp=0x000000accc8fb460 mode 2
Event: 13.039 Thread 0x00000244aee43000 Uncommon trap: trap_request=0xffffff4d fr.pc=0x000002449cdc22dc relative=0x00000000000000bc
Event: 13.040 Thread 0x00000244aee43000 Uncommon trap: reason=unstable_if action=reinterpret pc=0x000002449cdc22dc method=org.antlr.v4.runtime.CodePointCharStream$CodePoint8BitCharStream.LA(I)I @ 72 c2
Event: 13.040 Thread 0x00000244aee43000 DEOPT PACKING pc=0x000002449cdc22dc sp=0x000000accc8fa910
Event: 13.040 Thread 0x00000244aee43000 DEOPT UNPACKING pc=0x00000244950ea1af sp=0x000000accc8fa890 mode 2
Event: 13.058 Thread 0x00000244aee43000 Uncommon trap: trap_request=0xffffff4d fr.pc=0x000002449cdc18c8 relative=0x0000000000000348
Event: 13.058 Thread 0x00000244aee43000 Uncommon trap: reason=unstable_if action=reinterpret pc=0x000002449cdc18c8 method=org.antlr.v4.runtime.BufferedTokenStream.lazyInit()V @ 5 c2
Event: 13.058 Thread 0x00000244aee43000 DEOPT PACKING pc=0x000002449cdc18c8 sp=0x000000accc8fb2b0
Event: 13.058 Thread 0x00000244aee43000 DEOPT UNPACKING pc=0x00000244950ea1af sp=0x000000accc8fb1e8 mode 2
Event: 13.097 Thread 0x00000244aee43000 Uncommon trap: trap_request=0xffffff4d fr.pc=0x000002449cdc7ffc relative=0x000000000000113c
Event: 13.097 Thread 0x00000244aee43000 Uncommon trap: reason=unstable_if action=reinterpret pc=0x000002449cdc7ffc method=org.antlr.v4.runtime.Lexer.nextToken()Lorg/antlr/v4/runtime/Token; @ 164 c2
Event: 13.097 Thread 0x00000244aee43000 DEOPT PACKING pc=0x000002449cdc7ffc sp=0x000000accc8fabe0
Event: 13.097 Thread 0x00000244aee43000 DEOPT UNPACKING pc=0x00000244950ea1af sp=0x000000accc8faae0 mode 2

Classes redefined (0 events):
No events

Internal exceptions (20 events):
Event: 11.447 Thread 0x00000244aee43000 Exception <a 'java/lang/NoSuchMethodError'{0x0000000084b16e98}: 'java.lang.Object java.lang.invoke.DirectMethodHandle$Holder.invokeSpecial(java.lang.Object, java.lang.Object, java.lang.Object, java.lang.Object, long, java.lang.Object)'> (0x0000000084b16e98) thrown at [s\src\hotspot\share\interpreter\linkResolver.cpp, line 773]
Event: 11.447 Thread 0x00000244aee43000 Exception <a 'java/lang/NoSuchMethodError'{0x0000000084b1ad88}: 'java.lang.Object java.lang.invoke.Invokers$Holder.linkToTargetMethod(java.lang.Object, java.lang.Object, long, java.lang.Object, java.lang.Object)'> (0x0000000084b1ad88) thrown at [s\src\hotspot\share\interpreter\linkResolver.cpp, line 773]
Event: 11.668 Thread 0x00000244aee43000 Exception <a 'java/lang/NoSuchMethodError'{0x000000008303fc90}: 'void java.lang.invoke.DirectMethodHandle$Holder.invokeInterface(java.lang.Object, java.lang.Object)'> (0x000000008303fc90) thrown at [s\src\hotspot\share\interpreter\linkResolver.cpp, line 773]
Event: 11.670 Thread 0x00000244aee43000 Exception <a 'java/lang/IncompatibleClassChangeError'{0x000000008304a290}: Found class java.lang.Object, but interface was expected> (0x000000008304a290) thrown at [s\src\hotspot\share\interpreter\linkResolver.cpp, line 839]
Event: 11.718 Thread 0x00000244aee43000 Exception <a 'java/lang/NoSuchMethodError'{0x0000000087269fd8}: 'java.lang.Object java.lang.invoke.DirectMethodHandle$Holder.invokeStatic(java.lang.Object, int, java.lang.Object)'> (0x0000000087269fd8) thrown at [s\src\hotspot\share\interpreter\linkResolver.cpp, line 773]
Event: 11.808 Thread 0x00000244aee43000 Exception <a 'java/lang/NoSuchMethodError'{0x00000000867577a8}: 'java.lang.Object java.lang.invoke.DirectMethodHandle$Holder.invokeSpecial(java.lang.Object, java.lang.Object, long, java.lang.Object, java.lang.Object)'> (0x00000000867577a8) thrown at [s\src\hotspot\share\interpreter\linkResolver.cpp, line 773]
Event: 11.822 Thread 0x00000244aee43000 Exception <a 'java/lang/NoSuchMethodError'{0x000000008668a578}: 'java.lang.Object java.lang.invoke.DirectMethodHandle$Holder.invokeStatic(java.lang.Object, java.lang.Object, int, java.lang.Object)'> (0x000000008668a578) thrown at [s\src\hotspot\share\interpreter\linkResolver.cpp, line 773]
Event: 11.823 Thread 0x00000244aee43000 Exception <a 'java/lang/NoSuchMethodError'{0x000000008668ea90}: 'java.lang.Object java.lang.invoke.DirectMethodHandle$Holder.invokeSpecial(java.lang.Object, java.lang.Object, java.lang.Object, int, java.lang.Object)'> (0x000000008668ea90) thrown at [s\src\hotspot\share\interpreter\linkResolver.cpp, line 773]
Event: 11.823 Thread 0x00000244aee43000 Exception <a 'java/lang/NoSuchMethodError'{0x00000000866927d8}: 'java.lang.Object java.lang.invoke.Invokers$Holder.linkToTargetMethod(java.lang.Object, int, java.lang.Object, java.lang.Object)'> (0x00000000866927d8) thrown at [s\src\hotspot\share\interpreter\linkResolver.cpp, line 773]
Event: 12.724 Thread 0x00000244aee43000 Exception <a 'sun/nio/fs/WindowsException'{0x00000000858b9a58}> (0x00000000858b9a58) thrown at [s\src\hotspot\share\prims\jni.cpp, line 617]
Event: 12.724 Thread 0x00000244aee43000 Exception <a 'sun/nio/fs/WindowsException'{0x00000000858b9c98}> (0x00000000858b9c98) thrown at [s\src\hotspot\share\prims\jni.cpp, line 617]
Event: 12.724 Thread 0x00000244aee43000 Exception <a 'sun/nio/fs/WindowsException'{0x00000000858bc2f0}> (0x00000000858bc2f0) thrown at [s\src\hotspot\share\prims\jni.cpp, line 617]
Event: 12.724 Thread 0x00000244aee43000 Exception <a 'sun/nio/fs/WindowsException'{0x00000000858bc620}> (0x00000000858bc620) thrown at [s\src\hotspot\share\prims\jni.cpp, line 617]
Event: 12.742 Thread 0x00000244aee43000 Exception <a 'java/lang/NoSuchMethodError'{0x00000000855c7f80}: 'java.lang.Object java.lang.invoke.DirectMethodHandle$Holder.invokeStatic(java.lang.Object, java.lang.Object, java.lang.Object, int)'> (0x00000000855c7f80) thrown at [s\src\hotspot\share\interpreter\linkResolver.cpp, line 773]
Event: 12.743 Thread 0x00000244aee43000 Exception <a 'java/lang/NoSuchMethodError'{0x00000000855cc158}: 'java.lang.Object java.lang.invoke.DirectMethodHandle$Holder.invokeSpecial(java.lang.Object, java.lang.Object, java.lang.Object, java.lang.Object, int)'> (0x00000000855cc158) thrown at [s\src\hotspot\share\interpreter\linkResolver.cpp, line 773]
Event: 12.743 Thread 0x00000244aee43000 Exception <a 'java/lang/NoSuchMethodError'{0x00000000855cfc60}: 'java.lang.Object java.lang.invoke.Invokers$Holder.linkToTargetMethod(java.lang.Object, java.lang.Object, int, java.lang.Object)'> (0x00000000855cfc60) thrown at [s\src\hotspot\share\interpreter\linkResolver.cpp, line 773]
Event: 12.756 Thread 0x00000244aee43000 Exception <a 'sun/nio/fs/WindowsException'{0x00000000853e4a60}> (0x00000000853e4a60) thrown at [s\src\hotspot\share\prims\jni.cpp, line 617]
Event: 12.756 Thread 0x00000244aee43000 Exception <a 'sun/nio/fs/WindowsException'{0x00000000853e4d90}> (0x00000000853e4d90) thrown at [s\src\hotspot\share\prims\jni.cpp, line 617]
Event: 12.829 Thread 0x00000244aee43000 Exception <a 'java/lang/NoSuchMethodError'{0x0000000084b5bf40}: 'int java.lang.invoke.DirectMethodHandle$Holder.invokeInterface(java.lang.Object, java.lang.Object, java.lang.Object, java.lang.Object, java.lang.Object)'> (0x0000000084b5bf40) thrown at [s\src\hotspot\share\interpreter\linkResolver.cpp, line 773]
Event: 13.074 Thread 0x00000244aee43000 Exception <a 'java/lang/NoSuchMethodError'{0x0000000083f623a0}: 'void java.lang.invoke.DirectMethodHandle$Holder.invokeStatic(java.lang.Object, java.lang.Object, java.lang.Object, java.lang.Object, java.lang.Object, java.lang.Object, java.lang.Object)'> (0x0000000083f623a0) thrown at [s\src\hotspot\share\interpreter\linkResolver.cpp, line 773]

Events (20 events):
Event: 13.205 loading class org/gradle/normalization/RuntimeClasspathNormalization
Event: 13.205 loading class org/gradle/normalization/RuntimeClasspathNormalization done
Event: 13.205 loading class org/gradle/normalization/InputNormalization
Event: 13.205 loading class org/gradle/normalization/InputNormalization done
Event: 13.205 loading class org/gradle/api/internal/project/taskfactory/TaskInstantiator
Event: 13.205 loading class org/gradle/api/internal/project/taskfactory/TaskInstantiator done
Event: 13.206 loading class org/gradle/api/internal/artifacts/DependencyManagementProjectScopeServices
Event: 13.206 loading class org/gradle/api/internal/artifacts/DependencyManagementProjectScopeServices done
Event: 13.207 loading class org/gradle/api/internal/tasks/compile/GroovyServices$ProjectServices
Event: 13.207 loading class org/gradle/api/internal/tasks/compile/GroovyServices$ProjectServices done
Event: 13.208 Executing VM operation: CollectForMetadataAllocation
Event: 13.208 Executing VM operation: CollectForMetadataAllocation done
Event: 13.209 loading class org/gradle/workers/internal/WorkerDaemonFactory
Event: 13.209 loading class org/gradle/workers/internal/WorkerDaemonFactory done
Event: 13.210 loading class org/gradle/workers/internal/WorkerFactory
Event: 13.210 loading class org/gradle/workers/internal/WorkerFactory done
Event: 13.210 loading class org/gradle/workers/internal/IsolatedClassloaderWorkerFactory
Event: 13.210 loading class org/gradle/workers/internal/IsolatedClassloaderWorkerFactory done
Event: 13.211 loading class org/gradle/api/internal/tasks/compile/GroovyCompilerFactory
Event: 13.211 loading class org/gradle/api/internal/tasks/compile/GroovyCompilerFactory done


Dynamic libraries:
0x00007ff6d4e70000 - 0x00007ff6d4e7e000 	D:\amazon\jdk11.0.28_6\bin\java.exe
0x00007ffe09cf0000 - 0x00007ffe09f08000 	C:\WINDOWS\SYSTEM32\ntdll.dll
0x00007ffe07c10000 - 0x00007ffe07cd4000 	C:\WINDOWS\System32\KERNEL32.DLL
0x00007ffe07010000 - 0x00007ffe073e3000 	C:\WINDOWS\System32\KERNELBASE.dll
0x00007ffe07740000 - 0x00007ffe07851000 	C:\WINDOWS\System32\ucrtbase.dll
0x00007ffdf2190000 - 0x00007ffdf21a7000 	D:\amazon\jdk11.0.28_6\bin\jli.dll
0x00007ffdf1b00000 - 0x00007ffdf1b1b000 	D:\amazon\jdk11.0.28_6\bin\VCRUNTIME140.dll
0x00007ffe08730000 - 0x00007ffe088e2000 	C:\WINDOWS\System32\USER32.dll
0x00007ffe06fe0000 - 0x00007ffe07006000 	C:\WINDOWS\System32\win32u.dll
0x00007ffdee6f0000 - 0x00007ffdee98c000 	C:\WINDOWS\WinSxS\amd64_microsoft.windows.common-controls_6595b64144ccf1df_6.0.22621.6060_none_2712eda17382d24b\COMCTL32.dll
0x00007ffe09be0000 - 0x00007ffe09c09000 	C:\WINDOWS\System32\GDI32.dll
0x00007ffe08d80000 - 0x00007ffe08e27000 	C:\WINDOWS\System32\msvcrt.dll
0x00007ffe07860000 - 0x00007ffe07983000 	C:\WINDOWS\System32\gdi32full.dll
0x00007ffe073f0000 - 0x00007ffe0748a000 	C:\WINDOWS\System32\msvcp_win.dll
0x00007ffe07ab0000 - 0x00007ffe07ae1000 	C:\WINDOWS\System32\IMM32.DLL
0x00007ffdf2180000 - 0x00007ffdf218c000 	D:\amazon\jdk11.0.28_6\bin\vcruntime140_1.dll
0x00007ffdd24b0000 - 0x00007ffdd253d000 	D:\amazon\jdk11.0.28_6\bin\msvcp140.dll
0x00007ffdad440000 - 0x00007ffdae005000 	D:\amazon\jdk11.0.28_6\bin\server\jvm.dll
0x00007ffe079e0000 - 0x00007ffe07a91000 	C:\WINDOWS\System32\ADVAPI32.dll
0x00007ffe08a30000 - 0x00007ffe08ad8000 	C:\WINDOWS\System32\sechost.dll
0x00007ffe06df0000 - 0x00007ffe06e18000 	C:\WINDOWS\System32\bcrypt.dll
0x00007ffe07af0000 - 0x00007ffe07c08000 	C:\WINDOWS\System32\RPCRT4.dll
0x00007ffe08fd0000 - 0x00007ffe09041000 	C:\WINDOWS\System32\WS2_32.dll
0x00007ffe08970000 - 0x00007ffe08978000 	C:\WINDOWS\System32\PSAPI.DLL
0x00007ffe021b0000 - 0x00007ffe021e4000 	C:\WINDOWS\SYSTEM32\WINMM.dll
0x00007ffdff630000 - 0x00007ffdff63a000 	C:\WINDOWS\SYSTEM32\VERSION.dll
0x00007ffe05dc0000 - 0x00007ffe05dd8000 	C:\WINDOWS\SYSTEM32\kernel.appcore.dll
0x00007ffdf1f50000 - 0x00007ffdf1f60000 	D:\amazon\jdk11.0.28_6\bin\verify.dll
0x00007ffdfdf90000 - 0x00007ffdfe1c3000 	C:\WINDOWS\SYSTEM32\DBGHELP.DLL
0x00007ffe09840000 - 0x00007ffe09bd2000 	C:\WINDOWS\System32\combase.dll
0x00007ffe08650000 - 0x00007ffe08728000 	C:\WINDOWS\System32\OLEAUT32.dll
0x00007ffdede60000 - 0x00007ffdede92000 	C:\WINDOWS\SYSTEM32\dbgcore.DLL
0x00007ffe06f60000 - 0x00007ffe06fdb000 	C:\WINDOWS\System32\bcryptPrimitives.dll
0x00007ffdef150000 - 0x00007ffdef178000 	D:\amazon\jdk11.0.28_6\bin\java.dll
0x00007ffdef8c0000 - 0x00007ffdef8ca000 	D:\amazon\jdk11.0.28_6\bin\jimage.dll
0x00007ffdeeb70000 - 0x00007ffdeeb7e000 	D:\amazon\jdk11.0.28_6\bin\instrument.dll
0x00007ffdeeb80000 - 0x00007ffdeeb98000 	D:\amazon\jdk11.0.28_6\bin\zip.dll
0x00007ffe07d40000 - 0x00007ffe085de000 	C:\WINDOWS\System32\SHELL32.dll
0x00007ffe07490000 - 0x00007ffe075cf000 	C:\WINDOWS\System32\wintypes.dll
0x00007ffe04c90000 - 0x00007ffe055a8000 	C:\WINDOWS\SYSTEM32\windows.storage.dll
0x00007ffe08c70000 - 0x00007ffe08d74000 	C:\WINDOWS\System32\SHCORE.dll
0x00007ffe09070000 - 0x00007ffe090d9000 	C:\WINDOWS\System32\shlwapi.dll
0x00007ffe06d20000 - 0x00007ffe06d45000 	C:\WINDOWS\SYSTEM32\profapi.dll
0x00007ffdedc50000 - 0x00007ffdedc69000 	D:\amazon\jdk11.0.28_6\bin\net.dll
0x00007ffe03b60000 - 0x00007ffe03c8c000 	C:\WINDOWS\SYSTEM32\WINHTTP.dll
0x00007ffe062a0000 - 0x00007ffe06309000 	C:\WINDOWS\system32\mswsock.dll
0x00007ffde9b00000 - 0x00007ffde9b12000 	D:\amazon\jdk11.0.28_6\bin\nio.dll
0x00007ffdef960000 - 0x00007ffdef987000 	C:\Users\gaurav\.gradle\native\1def1411415f61bf3af743bc5b6707747c0891f09f0c88961ee8f79bc544acac\windows-amd64\native-platform.dll
0x00007ffdf22d0000 - 0x00007ffdf2348000 	C:\Users\gaurav\.gradle\native\0.2.7\x86_64-windows-gnu\gradle-fileevents.dll
0x00007ffdef8b0000 - 0x00007ffdef8b9000 	D:\amazon\jdk11.0.28_6\bin\management.dll
0x00007ffdef7e0000 - 0x00007ffdef7eb000 	D:\amazon\jdk11.0.28_6\bin\management_ext.dll
0x00007ffe05800000 - 0x00007ffe0582d000 	C:\WINDOWS\SYSTEM32\IPHLPAPI.DLL
0x00007ffe08c40000 - 0x00007ffe08c49000 	C:\WINDOWS\System32\NSI.dll
0x00007ffe02b40000 - 0x00007ffe02b59000 	C:\WINDOWS\SYSTEM32\dhcpcsvc6.DLL
0x00007ffe02b20000 - 0x00007ffe02b3f000 	C:\WINDOWS\SYSTEM32\dhcpcsvc.DLL
0x00007ffe05830000 - 0x00007ffe05928000 	C:\WINDOWS\SYSTEM32\DNSAPI.dll
0x00007ffe064f0000 - 0x00007ffe0650b000 	C:\WINDOWS\SYSTEM32\CRYPTSP.dll
0x00007ffe05d20000 - 0x00007ffe05d57000 	C:\WINDOWS\system32\rsaenh.dll
0x00007ffe06390000 - 0x00007ffe063b8000 	C:\WINDOWS\SYSTEM32\USERENV.dll
0x00007ffe06510000 - 0x00007ffe0651c000 	C:\WINDOWS\SYSTEM32\CRYPTBASE.dll

dbghelp: loaded successfully - version: 4.0.5 - missing functions: none
symbol engine: initialized successfully - sym options: 0x614 - pdb path: .;D:\amazon\jdk11.0.28_6\bin;C:\WINDOWS\SYSTEM32;C:\WINDOWS\WinSxS\amd64_microsoft.windows.common-controls_6595b64144ccf1df_6.0.22621.6060_none_2712eda17382d24b;D:\amazon\jdk11.0.28_6\bin\server;C:\Users\gaurav\.gradle\native\1def1411415f61bf3af743bc5b6707747c0891f09f0c88961ee8f79bc544acac\windows-amd64;C:\Users\gaurav\.gradle\native\0.2.7\x86_64-windows-gnu

VM Arguments:
jvm_args: --add-opens=java.base/java.lang=ALL-UNNAMED --add-opens=java.base/java.lang.invoke=ALL-UNNAMED --add-opens=java.base/java.util=ALL-UNNAMED --add-opens=java.prefs/java.util.prefs=ALL-UNNAMED --add-exports=jdk.compiler/com.sun.tools.javac.api=ALL-UNNAMED --add-exports=jdk.compiler/com.sun.tools.javac.util=ALL-UNNAMED --add-opens=java.base/java.util=ALL-UNNAMED --add-opens=java.prefs/java.util.prefs=ALL-UNNAMED --add-opens=java.base/java.nio.charset=ALL-UNNAMED --add-opens=java.base/java.net=ALL-UNNAMED --add-opens=java.base/java.util.concurrent.atomic=ALL-UNNAMED --add-opens=java.xml/javax.xml.namespace=ALL-UNNAMED -Xmx2048m -Dfile.encoding=UTF-8 -Duser.country=US -Duser.language=en -Duser.variant -javaagent:C:\Users\gaurav\.gradle\wrapper\dists\gradle-8.13-bin\5xuhj0ry160q40clulazy9h7d\gradle-8.13\lib\agents\gradle-instrumentation-agent-8.13.jar 
java_command: org.gradle.launcher.daemon.bootstrap.GradleDaemon 8.13
java_class_path (initial): C:\Users\gaurav\.gradle\wrapper\dists\gradle-8.13-bin\5xuhj0ry160q40clulazy9h7d\gradle-8.13\lib\gradle-daemon-main-8.13.jar
Launcher Type: SUN_STANDARD

[Global flags]
     intx CICompilerCount                          = 4                                         {product} {ergonomic}
     uint ConcGCThreads                            = 3                                         {product} {ergonomic}
     uint G1ConcRefinementThreads                  = 10                                        {product} {ergonomic}
   size_t G1HeapRegionSize                         = 1048576                                   {product} {ergonomic}
    uintx GCDrainStackTargetSize                   = 64                                        {product} {ergonomic}
   size_t InitialHeapSize                          = 123731968                                 {product} {ergonomic}
   size_t MarkStackSize                            = 4194304                                   {product} {ergonomic}
   size_t MaxHeapSize                              = 2147483648                                {product} {command line}
   size_t MaxNewSize                               = 1287651328                                {product} {ergonomic}
   size_t MinHeapDeltaBytes                        = 1048576                                   {product} {ergonomic}
    uintx NonNMethodCodeHeapSize                   = 5836300                                {pd product} {ergonomic}
    uintx NonProfiledCodeHeapSize                  = 122910970                              {pd product} {ergonomic}
    uintx ProfiledCodeHeapSize                     = 122910970                              {pd product} {ergonomic}
    uintx ReservedCodeCacheSize                    = 251658240                              {pd product} {ergonomic}
     bool SegmentedCodeCache                       = true                                      {product} {ergonomic}
     bool UseCompressedClassPointers               = true                                 {lp64_product} {ergonomic}
     bool UseCompressedOops                        = true                                 {lp64_product} {ergonomic}
     bool UseG1GC                                  = true                                      {product} {ergonomic}
     bool UseLargePagesIndividualAllocation        = false                                  {pd product} {ergonomic}

Logging:
Log output configuration:
 #0: stdout all=warning uptime,level,tags
 #1: stderr all=off uptime,level,tags

Environment Variables:
JAVA_HOME=D:\amazon\jdk11.0.28_6
PATH=C:\Program Files\Git\mingw64\bin;C:\Program Files\Git\usr\bin;C:\Users\gaurav\bin;D:\amazon\jdk11.0.28_6\bin;C:\Users\gaurav\.jdks\openjdk-21.0.1\bin;C:\Program Files\HP\HP One Agent;C:\Program Files\Git\cmd;C:\Users\gaurav\Downloads\kobweb-0.9.21\kobweb-0.9.21\bin;C:\Users\gaurav\AppData\Local\Microsoft\WindowsApps;C:\Users\gaurav\Downloads\flutter_windows_3.13.0-stable\flutter\bin;C:\Users\gaurav\AppData\Local\Programs\Microsoft VS Code\bin;C:\Program Files\JetBrains\IntelliJ IDEA Community Edition 2023.2.3\bin;C:\Users\gaurav\AppData\Local\JetBrains\Toolbox\scripts
USERNAME=gaurav
TERM=xterm-256color
OS=Windows_NT
PROCESSOR_IDENTIFIER=AMD64 Family 23 Model 104 Stepping 1, AuthenticAMD
TMP=C:\Users\gaurav\AppData\Local\Temp
TEMP=C:\Users\gaurav\AppData\Local\Temp



---------------  S Y S T E M  ---------------

OS: Windows 11 , 64 bit Build 22621 (10.0.22621.5415)
OS uptime: 2 days 22:50 hours
Hyper-V role detected

CPU:total 12 (initial active 12) (12 cores per cpu, 2 threads per core) family 23 model 104 stepping 1 microcode 0x0, cmov, cx8, fxsr, mmx, sse, sse2, sse3, ssse3, sse4.1, sse4.2, popcnt, avx, avx2, aes, clmul, mmxext, 3dnowpref, lzcnt, sse4a, ht, tsc, tscinvbit, tscinv, bmi1, bmi2, adx, sha, fma

Memory: 4k page, system-wide physical 7501M (328M free)
TotalPageFile size 23501M (AvailPageFile size 1M)
current process WorkingSet (physical memory assigned to process): 277M, peak: 277M
current process commit charge ("private bytes"): 334M, peak: 335M

vm_info: OpenJDK 64-Bit Server VM (11.0.28+6-LTS) for windows-amd64 JRE (11.0.28+6-LTS), built on Jul  8 2025 18:31:33 by "Administrator" with MS VC++ 16.10 / 16.11 (VS2019)

END.
